// Jest Snapshot v1, https://goo.gl/fbAQLP

exports[`error snapshot 1`] = `
Array [
  <p
    className="error"
  >
    test
  </p>,
  " ",
  <style
    jsx={true}
  >
    
          .error {
            font-style: normal;
            font-weight: normal;
            font-size: 12px;
            line-height: 150%;
            letter-spacing: 0.06em;
            color: #fa3939;
            margin: 16px auto 32px auto;
          }
        
  </style>,
]
`;
