// Jest Snapshot v1, https://goo.gl/fbAQLP

exports[`passwordInput snapshot 1`] = `
Array [
  <div
    style={
      Object {
        "position": "relative",
      }
    }
  >
    <input
      className="sc-fzqBZW deoUdo"
      type="password"
    />
    <div
      className="eye-button-container"
      onClick={[Function]}
      role="button"
    >
      <svg>

        className="sc-Axmtr jAhSqY"
      />
    </div>
  </div>,
  <style
    jsx={true}
  >
    
        .eye-button-container {
          display: flex;
          align-items: center;
          justify-content: center;
          position: absolute;
          top: 0px;
          right: 0px;
          width: 48px;
          height: 48px;
        }

        .eye-button:focus {
          outline: none;
        }
      
  </style>,
]
`;
