// Jest Snapshot v1, https://goo.gl/fbAQLP

exports[`snapshot default 1`] = `
<div
  style={
    Object {
      "marginBottom": "32px",
    }
  }
>
  <div
    className="label"
  >
    <label
      className="sc-AxhCb fZxPgc"
      id="titleLabel"
    >
      labelData
    </label>
  </div>
  <div
    style={
      Object {
        "position": "relative",
      }
    }
  >
    <div
      className=" css-2b097c-container"
      id="selectBoxSingle"
      onKeyDown={[Function]}
    >
      <div
        className=" css-y6gifx-control"
        onMouseDown={[Function]}
        onTouchEnd={[Function]}
      >
        <div
          className=" css-86rg1c-ValueContainer"
        >
          <div
            className=" css-1wa3eu0-placeholder"
          >
            placeholderData
          </div>
          <input
            aria-autocomplete="list"
            className="css-62g3xt-dummyInput"
            disabled={false}
            id="react-select-2-input"
            onBlur={[Function]}
            onChange={[Function]}
            onFocus={[Function]}
            readOnly={true}
            tabIndex="0"
            value=""
          />
        </div>
        <div
          className=" css-1hb7zxy-IndicatorsContainer"
        >
          <span
            className=" css-62wm9a-IndicatorSeparator"
          />
          <div
            style={
              Object {
                "marginRight": "40px",
              }
            }
          >
            <div
              aria-hidden="true"
              className=" css-tlfecz-indicatorContainer"
              onMouseDown={[Function]}
              onTouchEnd={[Function]}
            >
              <svg>

                className="sc-fzokOt enYZSd"
                color="#949494"
                height="12px"
                width="12px"
              />
            </div>
          </div>
        </div>
      </div>
      <input
        name="nameData"
        type="hidden"
        value=""
      />
    </div>
    <span
      className="errorIcon"
    >
      <svg>

        className="sc-fzoXzr gTpTcX"
        color="#fa3939"
        id="errorIcon"
      />
    </span>
  </div>
  <div
    className="errorText"
  >
    <div
      className="sc-AxheI cnbkls"
      id="errorText"
    >
      errerMessageData
    </div>
  </div>
  <style
    jsx={true}
  >
    
        .label {
          height: 18px;
          margin: 0;
        }
        .errorIcon {
          position: absolute;
          width: 24px;
          height: 24px;
          top: 12px;
          right: 0px;
          background: white;
        }
        .errorText {
          width: 100%;
          left: 0px;
          margin-top: 6px;
        }
      
  </style>
</div>
`;
