// Jest Snapshot v1, https://goo.gl/fbAQLP

exports[`保険料控除_入力前（従業員） snapshot 1`] = `
Array [
  <header
    className="page-header"
  >
    <title
      className="sc-Axmtr WUTXi"
    >
      <div
        className="page-title"
      >
        保険料控除
      </div>
    </title>
    <style
      jsx={true}
    >
      
            .page-header {
              background: #ffffff;
              position: fixed;
              width: 100%;
              height: 48px;
              margin: 0;
              z-index: 1;
            }
            .page-title {
              position: absolute;
              top: 12px;
              margin: 0;
              width: 100%;
            }
            .page-button {
              display: 'inline';
              position: absolute;
              top: 8px;
              right: 8px;
              margin: 0;
            }
          
    </style>
  </header>,
  <div
    style={
      Object {
        "height": "48px",
        "width": "100%",
      }
    }
  />,
  <span
    onClick={[Function]}
    role="button"
  >
    <div
      className="sc-AxirZ hrazwK"
    >
      <div
        className="sc-AxiKw PhevT"
      >
        <div>
          生命保険（一般）
        </div>
        <div
          className="sc-AxhCb djBOOG"
        >
          弥生生命
        </div>
      </div>
      <div
        className="sc-AxiKw sc-AxhUy dJoiVc"
      >
        →
      </div>
    </div>
  </span>,
  <div>
    <button
      className="sc-AxjAm bYEIpN"
      onClick={[Function]}
    >
      +
      　
      新しい保険を追加する
    </button>
  </div>,
  <style
    jsx={true}
  >
    
          div {
            bottom: 20px;
            width: 99%;
            position: fixed;
            text-align: center;
          }
        
  </style>,
]
`;
