// Jest Snapshot v1, https://goo.gl/fbAQLP

exports[`保険料控除_入力前（従業員） snapshot 1`] = `
<div>
  <section
    className="section"
  >
    <div
      className="container"
    >
      <header
        className="sc-Axmtr iJkvvF"
      >
        <div
          className="productNameHeader"
        >
          <div
            className="arrow"
          >
            ←
          </div>
          <div
            className="backLink"
          >
            2020年分年末…
          </div>
          <div
            className="productTitle"
          >
            弥生給与
          </div>
          <div
            className="rightSideLink"
          />
        </div>
        <div
          className="menuNameHeader"
        >
          保険料控除
        </div>
      </header>
      <div
        className="sc-AxhCb hNncAC"
      >
        <div
          className="sc-AxhUy crScAy"
        >
          <div>
            生命保険（一般）
          </div>
          <div
            className="sc-AxgMl hbAoqV"
          >
            弥生生命
          </div>
        </div>
        <div
          className="sc-AxhUy sc-AxheI bTOMuE"
        >
          →
        </div>
      </div>
      <form
        onSubmit={[Function]}
      >
        <div
          className="sc-AxmLO BTnWA"
        >
          <button
            className="sc-AxjAm kdprGj"
          >
            +　新しい保険を追加する
          </button>
        </div>
      </form>
    </div>
  </section>
</div>
`;
